[      68ms] [INFO] %cDownload the React DevTools for a better development experience: https://reactjs.org/link/react-devtools font-weight:bold @ http://localhost:5173/node_modules/.vite/deps/chunk-4D4CFRWF.js?v=1a86fd7f:21550
[     199ms] [ERROR] Failed to load resource: the server responded with a status of 500 (Internal Server Error) @ http://localhost:5173/current-track:0
[     207ms] [ERROR] Failed to load resource: the server responded with a status of 500 (Internal Server Error) @ http://localhost:5173/current-track:0
[   10201ms] [ERROR] Failed to load resource: the server responded with a status of 500 (Internal Server Error) @ http://localhost:5173/current-track:0
[   20200ms] [ERROR] Failed to load resource: the server responded with a status of 500 (Internal Server Error) @ http://localhost:5173/current-track:0
[   30199ms] [ERROR] Failed to load resource: the server responded with a status of 500 (Internal Server Error) @ http://localhost:5173/current-track:0
[   40201ms] [ERROR] Failed to load resource: the server responded with a status of 500 (Internal Server Error) @ http://localhost:5173/current-track:0
[   50201ms] [ERROR] Failed to load resource: the server responded with a status of 500 (Internal Server Error) @ http://localhost:5173/current-track:0
[   60201ms] [ERROR] Failed to load resource: the server responded with a status of 500 (Internal Server Error) @ http://localhost:5173/current-track:0
[   70203ms] [ERROR] Failed to load resource: the server responded with a status of 500 (Internal Server Error) @ http://localhost:5173/current-track:0
[   80200ms] [ERROR] Failed to load resource: the server responded with a status of 500 (Internal Server Error) @ http://localhost:5173/current-track:0
[   90201ms] [ERROR] Failed to load resource: the server responded with a status of 500 (Internal Server Error) @ http://localhost:5173/current-track:0
[  100201ms] [ERROR] Failed to load resource: the server responded with a status of 500 (Internal Server Error) @ http://localhost:5173/current-track:0
[  110201ms] [ERROR] Failed to load resource: the server responded with a status of 500 (Internal Server Error) @ http://localhost:5173/current-track:0
[  110872ms] [ERROR] Warning: validateDOMNesting(...): %s cannot appear as a descendant of <%s>.%s <div> p 
    at div
    at img (http://localhost:5173/src/pages/BlogPost.jsx:109:11)
    at p
    at Markdown (http://localhost:5173/node_modules/.vite/deps/react-markdown.js?v=1a86fd7f:5617:21)
    at div
    at article
    at BlogPost (http://localhost:5173/src/pages/BlogPost.jsx:68:20)
    at RenderedRoute (http://localhost:5173/node_modules/.vite/deps/react-router-dom.js?v=1a86fd7f:5624:26)
    at RenderErrorBoundary (http://localhost:5173/node_modules/.vite/deps/react-router-dom.js?v=1a86fd7f:5580:5)
    at DataRoutes (http://localhost:5173/node_modules/.vite/deps/react-router-dom.js?v=1a86fd7f:6375:3)
    at Router (http://localhost:5173/node_modules/.vite/deps/react-router-dom.js?v=1a86fd7f:6461:13)
    at RouterProvider (http://localhost:5173/node_modules/.vite/deps/react-router-dom.js?v=1a86fd7f:6180:11)
    at RouterProvider2 @ http://localhost:5173/node_modules/.vite/deps/chunk-4D4CFRWF.js?v=1a86fd7f:520
[  152761ms] [ERROR] Failed to load resource: the server responded with a status of 500 (Internal Server Error) @ http://localhost:5173/current-track:0
[  152762ms] [ERROR] Failed to load resource: the server responded with a status of 500 (Internal Server Error) @ http://localhost:5173/current-track:0
[  162763ms] [ERROR] Failed to load resource: the server responded with a status of 500 (Internal Server Error) @ http://localhost:5173/current-track:0
[  172763ms] [ERROR] Failed to load resource: the server responded with a status of 500 (Internal Server Error) @ http://localhost:5173/current-track:0
[  182763ms] [ERROR] Failed to load resource: the server responded with a status of 500 (Internal Server Error) @ http://localhost:5173/current-track:0
